fsl_sdspi.c:278:17:SDSPI_WaitReady	32	static
fsl_sdspi.c:307:17:SDSPI_GenerateCRC7	32	static
fsl_sdspi.c:329:17:SDSPI_SendCommand	48	static
fsl_sdspi.c:408:17:SDSPI_GoIdle	48	static
fsl_sdspi.c:434:17:SDSPI_SendInterfaceCondition	56	static
fsl_sdspi.c:456:17:SDSPI_SendApplicationCmd	48	static
fsl_sdspi.c:480:17:SDSPI_ApplicationSendOperationCondition	64	static
fsl_sdspi.c:526:17:SDSPI_ReadOcr	48	static
fsl_sdspi.c:558:17:SDSPI_SetBlockSize	48	static
fsl_sdspi.c:578:17:SDSPI_Read	48	static
fsl_sdspi.c:628:13:SDSPI_DecodeCsd	24	static
fsl_sdspi.c:728:17:SDSPI_SendCsd	48	static
fsl_sdspi.c:754:17:SDSPI_SetMaxFrequencyNormalMode	24	static
fsl_sdspi.c:774:13:SDSPI_CheckCapacity	32	static
fsl_sdspi.c:817:13:SDSPI_DecodeCid	24	static
fsl_sdspi.c:832:17:SDSPI_SendCid	48	static
fsl_sdspi.c:858:13:SDSPI_DecodeScr	24	static
fsl_sdspi.c:882:17:SDSPI_SendScr	40	static
fsl_sdspi.c:913:17:SDSPI_StopTransmission	48	static
fsl_sdspi.c:929:17:SDSPI_Write	32	static
fsl_sdspi.c:986:10:SDSPI_Init	56	static
fsl_sdspi.c:1093:6:SDSPI_Deinit	16	static
fsl_sdspi.c:1100:6:SDSPI_CheckReadOnly	16	static
fsl_sdspi.c:1112:10:SDSPI_ReadBlocks	56	static
fsl_sdspi.c:1174:10:SDSPI_WriteBlocks	64	static
